#-----------------------------------------------------------
# Vivado v2015.2 (64-bit)
# SW Build 1266856 on Fri Jun 26 16:35:25 MDT 2015
# IP Build 1264090 on Wed Jun 24 14:22:01 MDT 2015
# Start of session at: Fri Jul 01 18:31:46 2016
# Process ID: 4016
# Log file: C:/UART/lab1/one_cycle/vivado.log
# Journal file: C:/UART/lab1/one_cycle\vivado.jou
#-----------------------------------------------------------
start_gui
open_project C:/UART/lab1/one_cycle/one_cycle.xpr
launch_simulation
open_wave_config C:/UART/lab1/one_cycle/OneCycle_tb_behav.wcfg
source OneCycle_tb.tcl
close_sim
launch_simulation
open_wave_config C:/UART/lab1/one_cycle/OneCycle_tb_behav.wcfg
source OneCycle_tb.tcl
restart
run 40 us
close_sim
launch_simulation
open_wave_config C:/UART/lab1/one_cycle/OneCycle_tb_behav.wcfg
source OneCycle_tb.tcl
synth_design -rtl -name rtl_1
close_sim
launch_simulation
open_wave_config C:/UART/lab1/one_cycle/OneCycle_tb_behav.wcfg
source OneCycle_tb.tcl
restart
run 50 us
reset_run synth_1
launch_runs impl_1 -to_step write_bitstream
wait_on_run impl_1
reset_run synth_1
launch_runs impl_1 -to_step write_bitstream
wait_on_run impl_1
open_run impl_1
open_hw
connect_hw_server
open_hw_target [lindex [get_hw_targets -of_objects [get_hw_servers localhost]] 0]
set_property PROGRAM.FILE {C:/UART/lab1/one_cycle/one_cycle.runs/impl_1/One_Cycle.bit} [lindex [get_hw_devices] 0]
current_hw_device [lindex [get_hw_devices] 0]
refresh_hw_device -update_hw_probes false [lindex [get_hw_devices] 0]
set_property PROBES.FILE {} [lindex [get_hw_devices] 0]
set_property PROGRAM.FILE {C:/UART/lab1/one_cycle/one_cycle.runs/impl_1/One_Cycle.bit} [lindex [get_hw_devices] 0]
program_hw_devices [lindex [get_hw_devices] 0]
refresh_hw_device [lindex [get_hw_devices] 0]
close_sim
launch_simulation
launch_simulation
launch_simulation
launch_simulation
open_wave_config C:/UART/lab1/one_cycle/OneCycle_tb_behav.wcfg
source OneCycle_tb.tcl
reset_run synth_1
launch_runs impl_1 -to_step write_bitstream
wait_on_run impl_1
set_property PROBES.FILE {} [lindex [get_hw_devices] 0]
set_property PROGRAM.FILE {C:/UART/lab1/one_cycle/one_cycle.runs/impl_1/One_Cycle.bit} [lindex [get_hw_devices] 0]
program_hw_devices [lindex [get_hw_devices] 0]
refresh_hw_device [lindex [get_hw_devices] 0]
close_sim
launch_simulation
open_wave_config C:/UART/lab1/one_cycle/OneCycle_tb_behav.wcfg
source OneCycle_tb.tcl
close_sim
launch_simulation
open_wave_config C:/UART/lab1/one_cycle/OneCycle_tb_behav.wcfg
source OneCycle_tb.tcl
close_sim
launch_simulation
open_wave_config C:/UART/lab1/one_cycle/OneCycle_tb_behav.wcfg
source OneCycle_tb.tcl
run 50 us
run 50 us
reset_run synth_1
launch_runs impl_1 -to_step write_bitstream
wait_on_run impl_1
reset_run synth_1
launch_runs impl_1 -to_step write_bitstream
wait_on_run impl_1
set_property PROBES.FILE {} [lindex [get_hw_devices] 0]
set_property PROGRAM.FILE {C:/UART/lab1/one_cycle/one_cycle.runs/impl_1/One_Cycle.bit} [lindex [get_hw_devices] 0]
program_hw_devices [lindex [get_hw_devices] 0]
refresh_hw_device [lindex [get_hw_devices] 0]
